[   44.9s] U=0.4: E_gapped=+nan (wminB=+nan)  E_nodal=+nan  winner=nodal/none
[  110.7s] U=0.6: E_gapped=+nan (wminB=+nan)  E_nodal=-0.39647  winner=nodal/none
[  145.6s] U=0.8: E_gapped=+nan (wminB=+nan)  E_nodal=-0.28593  winner=nodal/none
[  175.9s] U=1.0: E_gapped=-0.23711 (wminB=+0.136)  E_nodal=-0.22023  winner=GAPPED
[  213.2s] U=1.2: E_gapped=-0.19356 (wminB=+0.229)  E_nodal=-0.17928  winner=GAPPED
[  252.7s] U=1.4: E_gapped=-0.16372 (wminB=+0.326)  E_nodal=-0.15147  winner=GAPPED
[  291.9s] U=1.6: E_gapped=-0.14199 (wminB=+0.424)  E_nodal=-0.13130  winner=GAPPED
[  333.7s] U=1.8: E_gapped=-0.12545 (wminB=+0.523)  E_nodal=-0.11596  winner=GAPPED
[  370.8s] U=2.0: E_gapped=-0.11241 (wminB=+0.623)  E_nodal=-0.10389  winner=GAPPED
[  409.3s] U=2.2: E_gapped=-0.10186 (wminB=+0.722)  E_nodal=-0.09413  winner=GAPPED
[  447.3s] U=2.4: E_gapped=-0.09314 (wminB=+0.822)  E_nodal=-0.08606  winner=GAPPED
[  490.6s] U=2.6: E_gapped=-0.08581 (wminB=+0.922)  E_nodal=-0.07928  winner=GAPPED
[  527.3s] U=2.8: E_gapped=-0.07956 (wminB=+1.022)  E_nodal=-0.07350  winner=GAPPED
[  565.9s] U=3.0: E_gapped=-0.07416 (wminB=+1.122)  E_nodal=-0.06852  winner=GAPPED
[  602.2s] U=3.2: E_gapped=-0.06946 (wminB=+1.222)  E_nodal=-0.06417  winner=GAPPED
[  638.4s] U=3.4: E_gapped=-0.06532 (wminB=+1.322)  E_nodal=-0.06034  winner=GAPPED
[  670.4s] U=3.6: E_gapped=-0.06164 (wminB=+1.422)  E_nodal=-0.05695  winner=GAPPED
[  704.9s] U=3.8: E_gapped=-0.05836 (wminB=+1.522)  E_nodal=-0.05392  winner=GAPPED
[  733.2s] U=4.0: E_gapped=-0.05542 (wminB=+1.622)  E_nodal=-0.05120  winner=GAPPED
[  769.5s] U=4.2: E_gapped=-0.05276 (wminB=+1.722)  E_nodal=-0.04874  winner=GAPPED
[  801.0s] U=4.4: E_gapped=-0.05034 (wminB=+1.822)  E_nodal=-0.04650  winner=GAPPED
[  833.1s] U=4.6: E_gapped=-0.04813 (wminB=+1.922)  E_nodal=-0.04447  winner=GAPPED
[  864.7s] U=4.8: E_gapped=-0.04612 (wminB=+2.022)  E_nodal=-0.04260  winner=GAPPED
[  897.3s] U=5.0: E_gapped=-0.04426 (wminB=+2.122)  E_nodal=-0.04089  winner=GAPPED
[  927.5s] U=5.2: E_gapped=-0.04255 (wminB=+2.222)  E_nodal=-0.03930  winner=GAPPED
[  956.7s] U=5.4: E_gapped=-0.04096 (wminB=+2.322)  E_nodal=-0.03784  winner=GAPPED
[  984.6s] U=5.6: E_gapped=-0.03949 (wminB=+2.422)  E_nodal=-0.03648  winner=GAPPED
[ 1011.0s] U=5.8: E_gapped=-0.03813 (wminB=+2.522)  E_nodal=-0.03522  winner=GAPPED
[ 1041.1s] U=6.0: E_gapped=-0.03685 (wminB=+2.622)  E_nodal=-0.03404  winner=GAPPED
[ 1041.3s] done
