[  260.1s] lso=0.00 sequence: SSSSSSSSSSDDDDDDDDDDDDD
[  359.3s]    SC->SL at U_c=1.584
[  429.1s]    SL->DM at U_c=1.982
[  857.7s] lso=0.05 sequence: SSSSSSSSSSDDDDDDDDDDDDD
[  973.7s]    SC->SL at U_c=1.624
[ 1077.4s]    SL->DM at U_c=1.982
[ 1633.3s] lso=0.10 sequence: DSSSSSSSSSDDDDDDDDDDDDD
[ 1787.1s]    DM->SC at U_c=1.018
[ 1913.7s]    SC->SL at U_c=1.780
[ 2003.0s]    SL->DM at U_c=1.982
[ 2586.3s] lso=0.15 sequence: SSSSSSSSSSDDDDDDDDDDDDD
[ 2688.2s]    SC->DM at U_c=1.982
[ 3841.4s] lso=0.20 sequence: DSSDSSSSSSSDDDDDDDDDDDD
[ 4184.7s]    DM->SC at U_c=1.085
[ 4476.9s]    SC->DM at U_c=1.277
[ 4802.5s]    DM->SC at U_c=1.376
[ 5350.0s]    SC->SL at U_c=1.599
[ 5828.5s]    SL->SC at U_c=1.601
[ 6208.5s]    SC->DM at U_c=2.013
[ 8631.9s] lso=0.25 sequence: SSDSSSSDSSDDDDDDDDDDDDD
[ 9096.3s]    SC->DM at U_c=1.118
[ 9344.5s]    DM->SC at U_c=1.276
[ 9696.1s]    SC->SL at U_c=1.579
[ 9795.5s]    SL->DM at U_c=1.605
[ 9854.1s]    DM->SL at U_c=1.705
[ 9900.2s]    SL->DM at U_c=1.982
[10086.9s] lso=0.30 sequence: DDSSSDDSSSDDDDDDDDDDDDD
[10140.0s]    DM->SC at U_c=1.199
[10172.6s]    SC->DM at U_c=1.429
[10207.5s]    DM->SL at U_c=1.668
[10240.5s]    SL->DM at U_c=1.982
[10240.6s] saved kmh_boundaries.json
[10240.6s] PAPER: Uc_low(0)=1.57, Uc_low(0.1)=1.93, Uc_low(0.22)=2.35, Uc_low(0.3)=2.72; Uc_high(0..0.1)=1.93
